// Jest Snapshot v1, https://goo.gl/fbAQLP

exports[`<TextInput /> should match snapshot 1`] = `
<div
  class="input-container"
>
  label
   
  <input
    maxlength="50"
    placeholder="Type your search here"
    size="50"
    type="search"
  />
</div>
`;
