// Jest Snapshot v1, https://goo.gl/fbAQLP

exports[`<SearchResult /> should match snapshot 1`] = `
<div
  class="search-result-container"
>
  <p>
    2
     posts were found
  </p>
</div>
`;
